
> link-render@0.1.0 build
> next build

node.exe : [baseline-browser-mapping] The data in this module is 
over two months old.  To ensure accurate Baseline data, please 
update: `npm i baseline-browser-mapping@latest -D`
At C:\Program Files\nodejs\npm.ps1:29 char:3
+   & $NODE_EXE $NPM_CLI_JS $args
+   ~~~~~~~~~~~~~~~~~~~~~~~~~~~~~
    + CategoryInfo          : NotSpecified: ([baseline-brows...pi 
   ng@latest -D`:String) [], RemoteException
    + FullyQualifiedErrorId : NativeCommandError
 
 ΓÜá Warning: Next.js inferred your workspace root, but it may 
not be correct.
 We detected multiple lockfiles and selected the directory of 
C:\Users\saman\package-lock.json as the root directory.
 To silence this warning, set `turbopack.root` in your Next.js 
config, or consider removing one of the lockfiles if it's not 
needed.
   See https://nextjs.org/docs/app/api-reference/config/next-confi
g-js/turbopack#root-directory for more information.
 Detected additional lockfiles: 
   * C:\Users\saman\OneDrive\Desktop\Project 
Files\link-render\package-lock.json

   Γû▓ Next.js 16.0.5 (Turbopack)
   - Environments: .env.local

   Creating an optimized production build ...
[baseline-browser-mapping] The data in this module is over two 
months old.  To ensure accurate Baseline data, please update: 
`npm i baseline-browser-mapping@latest -D`
 Γ£ô Compiled successfully in 3.9s
   Running TypeScript ...
   Collecting page data using 11 workers ...
[baseline-browser-mapping] The data in this module is over two 
months old.  To ensure accurate Baseline data, please update: 
`npm i baseline-browser-mapping@latest -D`
[baseline-browser-mapping] The data in this module is over two 
months old.  To ensure accurate Baseline data, please update: 
`npm i baseline-browser-mapping@latest -D`
[baseline-browser-mapping] The data in this module is over two 
months old.  To ensure accurate Baseline data, please update: 
`npm i baseline-browser-mapping@latest -D`
[baseline-browser-mapping] The data in this module is over two 
months old.  To ensure accurate Baseline data, please update: 
`npm i baseline-browser-mapping@latest -D`
[baseline-browser-mapping] The data in this module is over two 
months old.  To ensure accurate Baseline data, please update: 
`npm i baseline-browser-mapping@latest -D`
[baseline-browser-mapping] The data in this module is over two 
months old.  To ensure accurate Baseline data, please update: 
`npm i baseline-browser-mapping@latest -D`
[baseline-browser-mapping] The data in this module is over two 
months old.  To ensure accurate Baseline data, please update: 
`npm i baseline-browser-mapping@latest -D`
[baseline-browser-mapping] The data in this module is over two 
months old.  To ensure accurate Baseline data, please update: 
`npm i baseline-browser-mapping@latest -D`
[baseline-browser-mapping] The data in this module is over two 
months old.  To ensure accurate Baseline data, please update: 
`npm i baseline-browser-mapping@latest -D`
[baseline-browser-mapping] The data in this module is over two 
months old.  To ensure accurate Baseline data, please update: 
`npm i baseline-browser-mapping@latest -D`
[baseline-browser-mapping] The data in this module is over two 
months old.  To ensure accurate Baseline data, please update: 
`npm i baseline-browser-mapping@latest -D`
   Generating static pages using 11 workers (0/11) ...
[baseline-browser-mapping] The data in this module is over two 
months old.  To ensure accurate Baseline data, please update: 
`npm i baseline-browser-mapping@latest -D`
   Generating static pages using 11 workers (2/11) 
 Γ¿» useSearchParams() should be wrapped in a suspense boundary 
at page "/create/preview". Read more: 
https://nextjs.org/docs/messages/missing-suspense-with-csr-bailout
    at S (C:\Users\saman\OneDrive\Desktop\Project Files\link-rende
r\.next\server\chunks\ssr\OneDrive_Desktop_Project 
Files_link-render_373aaac7._.js:38:2111)
    at p (C:\Users\saman\OneDrive\Desktop\Project Files\link-rende
r\.next\server\chunks\ssr\OneDrive_Desktop_Project 
Files_link-render_373aaac7._.js:40:4848)
    at x (C:\Users\saman\OneDrive\Desktop\Project Files\link-rende
r\.next\server\chunks\ssr\[root-of-the-server]__de5f6c8e._.js:1:87
73)
    at ar (C:\Users\saman\OneDrive\Desktop\Project Files\link-rend
er\node_modules\next\dist\compiled\next-server\app-page-turbo.runt
ime.prod.js:2:84366)
    at aa (C:\Users\saman\OneDrive\Desktop\Project Files\link-rend
er\node_modules\next\dist\compiled\next-server\app-page-turbo.runt
ime.prod.js:2:86185)
    at as (C:\Users\saman\OneDrive\Desktop\Project Files\link-rend
er\node_modules\next\dist\compiled\next-server\app-page-turbo.runt
ime.prod.js:2:107952)
    at ao (C:\Users\saman\OneDrive\Desktop\Project Files\link-rend
er\node_modules\next\dist\compiled\next-server\app-page-turbo.runt
ime.prod.js:2:105374)
    at an (C:\Users\saman\OneDrive\Desktop\Project Files\link-rend
er\node_modules\next\dist\compiled\next-server\app-page-turbo.runt
ime.prod.js:2:84718)
    at aa (C:\Users\saman\OneDrive\Desktop\Project Files\link-rend
er\node_modules\next\dist\compiled\next-server\app-page-turbo.runt
ime.prod.js:2:86234)
    at aa (C:\Users\saman\OneDrive\Desktop\Project Files\link-rend
er\node_modules\next\dist\compiled\next-server\app-page-turbo.runt
ime.prod.js:2:104714)
Error occurred prerendering page "/create/preview". Read more: 
https://nextjs.org/docs/messages/prerender-error
Export encountered an error on /create/preview/page: 
/create/preview, exiting the build.
 Γ¿» Next.js build worker exited with code: 1 and signal: null
